  Determining projects to restore...
  All projects are up-to-date for restore.
  IMSAutomation -> C:\Users\Khayyam.Abishov\IMSAutomation\bin\Debug\net8.0\IMSAutomation.dll
Test run for C:\Users\Khayyam.Abishov\IMSAutomation\bin\Debug\net8.0\IMSAutomation.dll (.NETCoreApp,Version=v8.0)
Microsoft (R) Test Execution Command Line Tool Version 17.10.0 (x64)
Copyright (c) Microsoft Corporation.  All rights reserved.

Starting test execution, please wait...
A total of 1 test files matched the specified pattern.
2026-02-02 21:11:27,856 [NonParallelWorker] INFO  IMSAutomation.TestCases.BaseUITest - Starting test: SkipOtpForTrustedDeviceAsync
2026-02-02 21:11:29,143 [18] INFO  IMSAutomation.TestCases.BaseUITest - Navigating to URL: https://testserver01-polis.ateshgah.com/WebIMS/Account/Login
2026-02-02 21:11:48,226 [NonParallelWorker] ERROR IMSAutomation.TestCases.BaseUITest - Test Failed: SkipOtpForTrustedDeviceAsync
2026-02-02 21:11:48,226 [NonParallelWorker] ERROR IMSAutomation.TestCases.BaseUITest - Message: Device should be trusted but OTP page was shown.
2026-02-02 21:11:48,226 [NonParallelWorker] ERROR IMSAutomation.TestCases.BaseUITest - StackTrace:    at IMSAutomation.TestCases.OptPageValidation.SkipOtpForTrustedDeviceAsync() in C:\Users\Khayyam.Abishov\IMSAutomation\testcases\OptPageValidation.cs:line 112
   at NUnit.Framework.Internal.TaskAwaitAdapter.GenericAdapter`1.BlockUntilCompleted()
   at NUnit.Framework.Internal.MessagePumpStrategy.NoMessagePumpStrategy.WaitForCompletion(AwaitAdapter awaiter)
   at NUnit.Framework.Internal.AsyncToSyncAdapter.Await(Func`1 invoke)
   at NUnit.Framework.Internal.Commands.TestMethodCommand.RunTestMethod(TestExecutionContext context)
   at NUnit.Framework.Internal.Commands.TestMethodCommand.Execute(TestExecutionContext context)
   at NUnit.Framework.Internal.Commands.BeforeAndAfterTestCommand.<>c__DisplayClass1_0.<Execute>b__0()
   at NUnit.Framework.Internal.Commands.DelegatingTestCommand.RunTestMethodInThreadAbortSafeZone(TestExecutionContext context, Action action)

Screenshot saved: C:\Users\Khayyam.Abishov\IMSAutomation\bin\Debug\net8.0\Screenshots\SkipOtpForTrustedDeviceAsync_20260202_211148.png

  Failed SkipOtpForTrustedDeviceAsync [21 s]
  Error Message:
   Device should be trusted but OTP page was shown.
  Stack Trace:
     at IMSAutomation.TestCases.OptPageValidation.SkipOtpForTrustedDeviceAsync() in C:\Users\Khayyam.Abishov\IMSAutomation\testcases\OptPageValidation.cs:line 112
   at NUnit.Framework.Internal.TaskAwaitAdapter.GenericAdapter`1.BlockUntilCompleted()
   at NUnit.Framework.Internal.MessagePumpStrategy.NoMessagePumpStrategy.WaitForCompletion(AwaitAdapter awaiter)
   at NUnit.Framework.Internal.AsyncToSyncAdapter.Await(Func`1 invoke)
   at NUnit.Framework.Internal.Commands.TestMethodCommand.RunTestMethod(TestExecutionContext context)
   at NUnit.Framework.Internal.Commands.TestMethodCommand.Execute(TestExecutionContext context)
   at NUnit.Framework.Internal.Commands.BeforeAndAfterTestCommand.<>c__DisplayClass1_0.<Execute>b__0()
   at NUnit.Framework.Internal.Commands.DelegatingTestCommand.RunTestMethodInThreadAbortSafeZone(TestExecutionContext context, Action action)

1)    at IMSAutomation.TestCases.OptPageValidation.SkipOtpForTrustedDeviceAsync() in C:\Users\Khayyam.Abishov\IMSAutomation\testcases\OptPageValidation.cs:line 112


  Standard Output Messages:
 2026-02-02 21:11:27,856 [NonParallelWorker] INFO  IMSAutomation.TestCases.BaseUITest - Starting test: SkipOtpForTrustedDeviceAsync
 2026-02-02 21:11:29,143 [18] INFO  IMSAutomation.TestCases.BaseUITest - Navigating to URL: https://testserver01-polis.ateshgah.com/WebIMS/Account/Login
 2026-02-02 21:11:48,226 [NonParallelWorker] ERROR IMSAutomation.TestCases.BaseUITest - Test Failed: SkipOtpForTrustedDeviceAsync
 2026-02-02 21:11:48,226 [NonParallelWorker] ERROR IMSAutomation.TestCases.BaseUITest - Message: Device should be trusted but OTP page was shown.
 2026-02-02 21:11:48,226 [NonParallelWorker] ERROR IMSAutomation.TestCases.BaseUITest - StackTrace:    at IMSAutomation.TestCases.OptPageValidation.SkipOtpForTrustedDeviceAsync() in C:\Users\Khayyam.Abishov\IMSAutomation\testcases\OptPageValidation.cs:line 112
    at NUnit.Framework.Internal.TaskAwaitAdapter.GenericAdapter`1.BlockUntilCompleted()
    at NUnit.Framework.Internal.MessagePumpStrategy.NoMessagePumpStrategy.WaitForCompletion(AwaitAdapter awaiter)
    at NUnit.Framework.Internal.AsyncToSyncAdapter.Await(Func`1 invoke)
    at NUnit.Framework.Internal.Commands.TestMethodCommand.RunTestMethod(TestExecutionContext context)
    at NUnit.Framework.Internal.Commands.TestMethodCommand.Execute(TestExecutionContext context)
    at NUnit.Framework.Internal.Commands.BeforeAndAfterTestCommand.<>c__DisplayClass1_0.<Execute>b__0()
    at NUnit.Framework.Internal.Commands.DelegatingTestCommand.RunTestMethodInThreadAbortSafeZone(TestExecutionContext context, Action action)
 
 Screenshot saved: C:\Users\Khayyam.Abishov\IMSAutomation\bin\Debug\net8.0\Screenshots\SkipOtpForTrustedDeviceAsync_20260202_211148.png



Failed!  - Failed:     1, Passed:     0, Skipped:     0, Total:     1, Duration: 21 s - IMSAutomation.dll (net8.0)
